{
  "language": "javascript",
  "framework": "express", 
  "packageManager": "npm",
  "nodeVersion": "18.0.0",
  "ports": [3000],
  "required_ports": [3000],
  "dependencies": [
    "express",
    "cors",
    "helmet",
    "morgan"
  ],
  "devDependencies": [
    "jest",
    "nodemon"
  ],
  "scripts": {
    "start": "node server.js",
    "dev": "nodemon server.js",
    "test": "jest"
  },
  "entryPoint": "server.js",
  "hasTests": true,
  "hasDockerfile": false,
  "packageFile": "package.json",
  "sourceDirectory": ".",
  "testDirectory": "test",
  "hasHealthCheck": true,
  "engines": {
    "node": ">=18.0.0"
  },
  "metadata": {
    "analysisVersion": "1.0.0",
    "timestamp": "2024-01-01T00:00:00Z",
    "confidence": 0.92
  }
}