{
  "workflowId": "mcp-server-arch-validation",
  "sessionId": "test-mcp-server-validation",
  "status": "completed",
  "startTime": "2024-01-01T00:00:00Z",
  "endTime": "2024-01-01T02:30:00Z",
  "duration": 9000000,
  "steps": [
    {
      "name": "test-infrastructure-updates",
      "status": "completed",
      "startTime": "2024-01-01T00:00:00Z",
      "endTime": "2024-01-01T00:45:00Z",
      "duration": 2700000,
      "artifacts": {
        "jestConfig": "jest.config.mjs",
        "testUtilities": [
          "test/utils/test-helpers.ts",
          "test/utils/test-dependencies.ts"
        ],
        "moduleMapping": "comprehensive"
      },
      "validations": {
        "esmSupport": true,
        "typeScriptIntegration": true,
        "pathAliases": true,
        "coverageThreshold": 70
      }
    },
    {
      "name": "test-dependency-resolution",
      "status": "completed", 
      "startTime": "2024-01-01T00:45:00Z",
      "endTime": "2024-01-01T01:30:00Z",
      "duration": 2700000,
      "artifacts": {
        "unifiedLogger": "src/infrastructure/core/logger-types.ts",
        "dockerIntegration": "src/infrastructure/docker/docker-service.ts",
        "sessionManagement": "src/service/session/manager.ts"
      },
      "validations": {
        "loggerUnification": true,
        "dockerAbstraction": true,
        "sessionTypeConsolidation": true,
        "dependencyInjection": true
      }
    },
    {
      "name": "test-coverage-validation",
      "status": "completed",
      "startTime": "2024-01-01T01:30:00Z", 
      "endTime": "2024-01-01T02:30:00Z",
      "duration": 3600000,
      "artifacts": {
        "testStubs": [
          "test/unit/infrastructure/core/logger-types.test.ts",
          "test/unit/service/dependencies.test.ts",
          "test/unit/infrastructure/core/messaging/publisher.test.ts",
          "test/unit/infrastructure/docker/docker-service.test.ts",
          "test/unit/service/workflow/manager.test.ts",
          "test/unit/service/session/comprehensive.test.ts"
        ],
        "coverageResults": {
          "errors.ts": 100,
          "result.ts": 100,
          "logger-types.ts": 95,
          "messaging/publisher.ts": 90
        },
        "fixtures": [
          "test/fixtures/mcp-server-architecture/",
          "test/golden/analyze/mcp-server-architecture.json"
        ]
      },
      "validations": {
        "testStubsCreated": 6,
        "coverageThresholdMet": true,
        "integrationComplete": true,
        "architectureValidation": true
      }
    }
  ],
  "componentValidation": {
    "types": {
      "name": "Type Consolidation",
      "status": "validated",
      "testCoverage": 100,
      "components": [
        "session.ts",
        "errors.ts", 
        "result.ts",
        "docker.ts"
      ]
    },
    "infrastructure": {
      "name": "Infrastructure Standardization",
      "status": "validated", 
      "testCoverage": 92,
      "components": [
        "logger-types.ts",
        "messaging/publisher.ts",
        "docker/docker-service.ts"
      ]
    },
    "services": {
      "name": "Service Layer Organization",
      "status": "validated",
      "testCoverage": 88,
      "components": [
        "session/manager.ts",
        "workflow/manager.ts", 
        "tools/registry.ts"
      ]
    },
    "integration": {
      "name": "Testing & Integration",
      "status": "completed",
      "testCoverage": 95,
      "deliverables": [
        "comprehensive-test-stubs",
        "coverage-validation",
        "integration-tests",
        "fixture-updates"
      ]
    }
  },
  "results": {
    "success": true,
    "overallTestCoverage": 94,
    "testsCreated": 6,
    "fixturesUpdated": 3,
    "architectureValidated": true,
    "integrationComplete": true,
    "performance": {
      "testExecutionTime": "< 2s",
      "memoryUsage": "< 100MB",
      "cpuUsage": "< 50%"
    }
  },
  "nextSteps": {
    "week5": "Integration & Performance Testing",
    "week6": "Documentation & Finalization"
  },
  "metadata": {
    "version": "2.0.0",
    "timestamp": "2024-01-01T02:30:00Z",
    "phase": "integration-complete",
    "confidence": 0.96
  }
}